\BOOKMARK [1][-]{section.1}{\376\377\000I\000n\000t\000r\000o\000d\000u\000c\000t\000i\000o\000n}{}% 1
\BOOKMARK [1][-]{section.2}{\376\377\000L\000e\000s\000\040\000b\000a\000l\000i\000s\000e\000s\000\040\000H\000T\000M\000L\000\040\000d\000e\000\040\000b\000a\000s\000e}{}% 2
\BOOKMARK [2][-]{subsection.2.1}{\376\377\000L\000a\000\040\000b\000a\000l\000i\000s\000e\000\040\000<\000!\000D\000O\000C\000T\000Y\000P\000E\000\040\000h\000t\000m\000l\000>}{section.2}% 3
\BOOKMARK [2][-]{subsection.2.2}{\376\377\000L\000a\000\040\000b\000a\000l\000i\000s\000e\000\040\000<\000h\000t\000m\000l\000>}{section.2}% 4
\BOOKMARK [2][-]{subsection.2.3}{\376\377\000L\000a\000\040\000b\000a\000l\000i\000s\000e\000\040\000<\000h\000e\000a\000d\000>}{section.2}% 5
\BOOKMARK [2][-]{subsection.2.4}{\376\377\000L\000a\000\040\000b\000a\000l\000i\000s\000e\000\040\000<\000b\000o\000d\000y\000>}{section.2}% 6
\BOOKMARK [2][-]{subsection.2.5}{\376\377\000C\000o\000n\000s\000e\000i\000l\000s\000\040\000p\000o\000u\000r\000\040\000b\000i\000e\000n\000\040\000d\000\351\000b\000u\000t\000e\000r}{section.2}% 7
\BOOKMARK [1][-]{section.3}{\376\377\000S\000t\000r\000u\000c\000t\000u\000r\000e\000\040\000g\000\351\000n\000\351\000r\000a\000l\000e\000\040\000d\000u\000\040\000s\000i\000t\000e}{}% 8
\BOOKMARK [2][-]{subsection.3.1}{\376\377\000A\000r\000b\000o\000r\000e\000s\000c\000e\000n\000c\000e\000\040\000d\000u\000\040\000s\000i\000t\000e}{section.3}% 9
\BOOKMARK [2][-]{subsection.3.2}{\376\377\000\311\000l\000\351\000m\000e\000n\000t\000s\000\040\000c\000o\000m\000m\000u\000n\000s\000\040\000\340\000\040\000t\000o\000u\000t\000e\000s\000\040\000l\000e\000s\000\040\000p\000a\000g\000e\000s}{section.3}% 10
\BOOKMARK [3][-]{subsubsection.3.2.1}{\376\377\000B\000a\000r\000r\000e\000\040\000d\000e\000\040\000r\000e\000c\000h\000e\000r\000c\000h\000e}{subsection.3.2}% 11
\BOOKMARK [3][-]{subsubsection.3.2.2}{\376\377\000S\000e\000c\000t\000i\000o\000n\000\040\000d\000e\000s\000\040\000p\000r\000o\000d\000u\000i\000t\000s\000\040\000r\000\351\000c\000e\000m\000m\000e\000n\000t\000\040\000c\000o\000n\000s\000u\000l\000t\000\351\000s}{subsection.3.2}% 12
\BOOKMARK [3][-]{subsubsection.3.2.3}{\376\377\000M\000e\000n\000u\000\040\000d\000e\000\040\000n\000a\000v\000i\000g\000a\000t\000i\000o\000n}{subsection.3.2}% 13
\BOOKMARK [1][-]{section.4}{\376\377\000R\000\364\000l\000e\000\040\000d\000e\000s\000\040\000d\000i\000f\000f\000\351\000r\000e\000n\000t\000e\000s\000\040\000p\000a\000g\000e\000s}{}% 14
\BOOKMARK [2][-]{subsection.4.1}{\376\377\000P\000a\000g\000e\000\040\000d\000'\000a\000c\000c\000u\000e\000i\000l\000\040\000\050\000i\000n\000d\000e\000x\000.\000h\000t\000m\000l\000\051}{section.4}% 15
\BOOKMARK [2][-]{subsection.4.2}{\376\377\000P\000a\000g\000e\000\040\000d\000'\000i\000n\000s\000c\000r\000i\000p\000t\000i\000o\000n\000\040\000\050\000p\000a\000g\000e\000s\000/\000i\000n\000s\000c\000r\000i\000p\000t\000i\000o\000n\000.\000h\000t\000m\000l\000\051}{section.4}% 16
\BOOKMARK [2][-]{subsection.4.3}{\376\377\000P\000a\000g\000e\000\040\000p\000a\000n\000i\000e\000r\000\040\000\050\000p\000a\000g\000e\000s\000/\000p\000a\000n\000i\000e\000r\000.\000h\000t\000m\000l\000\051}{section.4}% 17
\BOOKMARK [2][-]{subsection.4.4}{\376\377\000P\000a\000g\000e\000\040\000p\000l\000a\000n\000\040\000d\000u\000\040\000s\000i\000t\000e\000\040\000\050\000p\000a\000g\000e\000s\000/\000p\000l\000a\000n\000.\000h\000t\000m\000l\000\051}{section.4}% 18
\BOOKMARK [1][-]{section.5}{\376\377\000A\000j\000o\000u\000t\000e\000r\000\040\000d\000e\000s\000\040\000i\000m\000a\000g\000e\000s\000\040\000\340\000\040\000v\000o\000s\000\040\000p\000a\000g\000e\000s}{}% 19
\BOOKMARK [1][-]{section.6}{\376\377\000I\000n\000s\000t\000r\000u\000c\000t\000i\000o\000n\000s\000\040\000p\000o\000u\000r\000\040\000m\000o\000d\000i\000f\000i\000e\000r\000\040\000l\000e\000s\000\040\000p\000a\000g\000e\000s}{}% 20
\BOOKMARK [2][-]{subsubsection.6.0.1}{\376\377\000i\000n\000d\000e\000x\000.\000h\000t\000m\000l}{section.6}% 21
\BOOKMARK [3][-]{subsubsection.6.0.2}{\376\377\000p\000a\000g\000e\000s\000/\000i\000n\000s\000c\000r\000i\000p\000t\000i\000o\000n\000.\000h\000t\000m\000l}{subsubsection.6.0.1}% 22
\BOOKMARK [3][-]{subsubsection.6.0.3}{\376\377\000p\000a\000g\000e\000s\000/\000p\000a\000n\000i\000e\000r\000.\000h\000t\000m\000l}{subsubsection.6.0.1}% 23
\BOOKMARK [3][-]{subsubsection.6.0.4}{\376\377\000p\000a\000g\000e\000s\000/\000p\000l\000a\000n\000.\000h\000t\000m\000l}{subsubsection.6.0.1}% 24
\BOOKMARK [2][-]{subsection.6.1}{\376\377\000p\000a\000g\000e\000s\000/\000p\000r\000o\000d\000u\000i\000t\000\137\000d\000e\000t\000a\000i\000l\000.\000h\000t\000m\000l}{section.6}% 25
\BOOKMARK [2][-]{subsection.6.2}{\376\377\000p\000a\000g\000e\000s\000/\000p\000r\000o\000d\000u\000i\000t\000s\000.\000h\000t\000m\000l}{section.6}% 26
\BOOKMARK [2][-]{subsection.6.3}{\376\377\000p\000a\000g\000e\000s\000/\000r\000e\000c\000h\000e\000r\000c\000h\000e\000.\000h\000t\000m\000l}{section.6}% 27
